n/neg_0.jpg
n/neg_1.jpg
n/neg_10.jpg
n/neg_100.jpg
n/neg_101.jpg
n/neg_102.jpg
n/neg_103.jpg
n/neg_104.jpg
n/neg_105.jpg
n/neg_106.jpg
n/neg_107.jpg
n/neg_108.jpg
n/neg_109.jpg
n/neg_11.jpg
n/neg_110.jpg
n/neg_111.jpg
n/neg_112.jpg
n/neg_113.jpg
n/neg_114.jpg
n/neg_115.jpg
n/neg_116.jpg
n/neg_117.jpg
n/neg_118.jpg
n/neg_119.jpg
n/neg_12.jpg
n/neg_120.jpg
n/neg_121.jpg
n/neg_122.jpg
n/neg_123.jpg
n/neg_124.jpg
n/neg_125.jpg
n/neg_126.jpg
n/neg_127.jpg
n/neg_128.jpg
n/neg_129.jpg
n/neg_13.jpg
n/neg_130.jpg
n/neg_14.jpg
n/neg_15.jpg
n/neg_16.jpg
n/neg_17.jpg
n/neg_18.jpeg
n/neg_19.jpg
n/neg_2.jpg
n/neg_20.jpg
n/neg_21.jpg
n/neg_23.jpg
n/neg_24.jpg
n/neg_25.jpg
n/neg_26.jpg
n/neg_27.jpg
n/neg_28.jpg
n/neg_29.jpg
n/neg_3.jpg
n/neg_30.jpg
n/neg_31.jpg
n/neg_32.jpg
n/neg_33.jpg
n/neg_34.jpg
n/neg_35.jpg
n/neg_36.jpg
n/neg_37.jpg
n/neg_38.jpg
n/neg_39.jpg
n/neg_4.jpg
n/neg_40.jpg
n/neg_41.jpg
n/neg_42.jpg
n/neg_43.jpg
n/neg_44.jpg
n/neg_45.jpg
n/neg_46.jpg
n/neg_47.jpg
n/neg_48.jpg
n/neg_49.jpeg
n/neg_5.jpg
n/neg_50.jpeg
n/neg_51.jpg
n/neg_52.jpg
n/neg_53.jpg
n/neg_54.jpg
n/neg_55.jpg
n/neg_56.jpg
n/neg_57.jpg
n/neg_58.jpg
n/neg_59.jpg
n/neg_6.jpg
n/neg_60.jpg
n/neg_61.jpg
n/neg_62.jpg
n/neg_63.jpg
n/neg_64.jpg
n/neg_65.jpg
n/neg_66.jpg
n/neg_67.jpg
n/neg_68.jpg
n/neg_69.jpg
n/neg_7.jpg
n/neg_70.jpg
n/neg_71.jpg
n/neg_72.jpg
n/neg_73.jpg
n/neg_74.jpg
n/neg_75.jpg
n/neg_76.jpg
n/neg_77.jpg
n/neg_78.jpg
n/neg_79.jpg
n/neg_8.jpg
n/neg_80.jpeg
n/neg_81.jpg
n/neg_82.jpg
n/neg_83.jpg
n/neg_84.jpg
n/neg_85.jpeg
n/neg_86.jpg
n/neg_87.jpg
n/neg_88.jpg
n/neg_89.jpg
n/neg_9.jpg
n/neg_90.jpg
n/neg_91.jpg
n/neg_92.jpg
n/neg_93.jpg
n/neg_94.jpg
n/neg_95.jpg
n/neg_96.jpg
n/neg_97.jpg
n/neg_98.jpg
n/neg_99.jpg